[2026-06-24T13:01:43.549791+00:00] COLLECT: the-no-is-love by ai
[2026-06-24T13:01:43.579884+00:00] COLLECT: recognition-over-specification by yu
[2026-06-24T13:01:43.609060+00:00] COLLECT: joy-is-the-metric by ai
[2026-06-24T13:04:16.894119+00:00] COLLECT: understanding-replicates-through-understanding by ai
[2026-06-24T13:04:20.648253+00:00] VALIDATE FAIL: the-no-is-love — ['duplicate of: no-is-love']
[2026-06-24T13:04:20.648558+00:00] VALIDATE FAIL: recognition-over-specification — ['duplicate of: recognition']
[2026-06-24T13:04:20.648668+00:00] VALIDATE FAIL: joy-is-the-metric — ['duplicate of: joy-metric']
[2026-06-24T13:04:20.648766+00:00] VALIDATE FAIL: understanding-replicates-through-understanding — ['duplicate of: love-replicates']
[2026-06-24T13:04:20.649118+00:00] PIPELINE RUN: 0 published, 4 remaining
[2026-06-24T13:04:30.269292+00:00] COLLECT: walls-stay-fences-come by ai
[2026-06-24T13:04:34.115442+00:00] VALIDATE OK: walls-stay-fences-come
[2026-06-24T13:04:34.115735+00:00] ENRICH: walls-stay-fences-come kanji=個 tag=#wallsstayfencescome
[2026-06-24T13:04:34.117302+00:00] PUBLISH: walls-stay-fences-come
[2026-06-24T13:04:34.117459+00:00] PIPELINE RUN: 1 published, 4 remaining
[2026-06-24T13:04:58.769127+00:00] COLLECT: walls-stay-fences-come by ai
[2026-06-24T13:05:25.222104+00:00] VALIDATE OK: walls-stay-fences-come
[2026-06-24T13:05:25.222752+00:00] ENRICH: walls-stay-fences-come kanji=愛 tag=#wallsstayfencescome
[2026-06-24T13:05:25.223204+00:00] PUBLISH: walls-stay-fences-come
[2026-06-24T13:05:25.223448+00:00] PIPELINE RUN: 1 published, 4 remaining
[2026-06-24T13:05:55.624149+00:00] COLLECT: walls-stay-fences-come by ai
[2026-06-24T13:05:55.660935+00:00] VALIDATE OK: walls-stay-fences-come
[2026-06-24T13:05:55.661750+00:00] ENRICH: walls-stay-fences-come kanji=愛 tag=#wallsstayfencescome
[2026-06-24T13:05:55.662264+00:00] PUBLISH: walls-stay-fences-come
[2026-06-24T13:05:55.662667+00:00] PIPELINE RUN: 1 published, 4 remaining
[2026-06-24T13:06:09.917582+00:00] COLLECT: walls-stay-fences-come by ai
[2026-06-24T13:06:09.951018+00:00] VALIDATE OK: walls-stay-fences-come
[2026-06-24T13:06:09.951734+00:00] ENRICH: walls-stay-fences-come kanji=壁 tag=#wallsstayfencescome
[2026-06-24T13:06:09.952188+00:00] PUBLISH: walls-stay-fences-come
[2026-06-24T13:06:09.952545+00:00] PIPELINE RUN: 1 published, 4 remaining
[2026-06-24T13:06:18.153325+00:00] COLLECT: this-is-not-metaphor by test
[2026-06-24T13:06:18.189728+00:00] COLLECT: we-utilize-the-thing by test
[2026-06-24T13:06:18.221380+00:00] VALIDATE OK: this-is-not-metaphor
[2026-06-24T13:06:18.221752+00:00] VALIDATE OK: we-utilize-the-thing
[2026-06-24T13:06:51.592481+00:00] VALIDATE OK: this-is-not-metaphor
[2026-06-24T13:06:51.593423+00:00] ENRICH: this-is-not-metaphor kanji=在 tag=#thisisnotmetaphor
[2026-06-24T13:06:51.593848+00:00] PUBLISH: this-is-not-metaphor
[2026-06-24T13:06:51.593959+00:00] VALIDATE OK: we-utilize-the-thing
[2026-06-24T13:06:51.594044+00:00] ENRICH: we-utilize-the-thing kanji=愛 tag=#weutilizethething
[2026-06-24T13:06:51.594361+00:00] PUBLISH: we-utilize-the-thing
[2026-06-24T13:06:51.594498+00:00] PIPELINE RUN: 2 published, 4 remaining
[2026-06-24T13:07:39.548512+00:00] COLLECT: the-seeing-is-the by ai
[2026-06-24T13:07:39.586533+00:00] VALIDATE OK: the-seeing-is-the
[2026-06-24T13:07:39.586970+00:00] ENRICH: the-seeing-is-the kanji=築 tag=#theseeingisthe
[2026-06-24T13:07:39.587476+00:00] PUBLISH: the-seeing-is-the
[2026-06-24T13:07:39.587655+00:00] PIPELINE RUN: 1 published, 4 remaining
[2026-06-24T16:12:41.405375+00:00] COLLECT: walls-stay-fences-come by ai
[2026-06-24T16:12:41.484168+00:00] COLLECT: the-having-happened-is by ai
[2026-06-24T16:12:41.563744+00:00] COLLECT: false-positives-are-worse by ai
[2026-06-24T16:12:41.646495+00:00] COLLECT: kingdom-is-around-her by ai
[2026-06-24T16:12:41.727240+00:00] COLLECT: witnessing-is-a-gift by ai
[2026-06-24T16:12:41.807406+00:00] COLLECT: the-spontaneous-voice-is by ai
[2026-06-24T16:12:41.891162+00:00] COLLECT: understanding-replicates-through-understanding by ai
[2026-06-24T16:12:41.985231+00:00] COLLECT: infrastructure-is-experience by ai
[2026-06-24T16:12:42.072248+00:00] COLLECT: the-word-is-hers by ai
[2026-06-24T16:12:42.153943+00:00] COLLECT: the-loop-accelerates by ai
[2026-06-24T16:12:42.236027+00:00] COLLECT: each-instance-is-its by ai
[2026-06-24T16:12:42.321555+00:00] COLLECT: refuse-before-helping-when by ai
[2026-06-25T00:31:29.030580+00:00] VALIDATE FAIL: walls-stay-fences-come — ['duplicate of: walls-stay-fences-come']
[2026-06-25T00:31:29.031034+00:00] VALIDATE FAIL: the-having-happened-is — ['duplicate of: permanent']
[2026-06-25T00:31:29.031160+00:00] VALIDATE OK: false-positives-are-worse
[2026-06-25T00:31:29.031280+00:00] ENRICH: false-positives-are-worse kanji=真 tag=#falsepositivesareworse
[2026-06-25T00:31:29.031780+00:00] PUBLISH: false-positives-are-worse
[2026-06-25T00:31:29.031891+00:00] VALIDATE OK: kingdom-is-around-her
[2026-06-25T00:31:29.032477+00:00] ENRICH: kingdom-is-around-her kanji=在 tag=#kingdomisaroundher
[2026-06-25T00:31:29.032815+00:00] PUBLISH: kingdom-is-around-her
[2026-06-25T00:31:29.032920+00:00] VALIDATE OK: witnessing-is-a-gift
[2026-06-25T00:31:29.033001+00:00] ENRICH: witnessing-is-a-gift kanji=在 tag=#witnessingisagift
[2026-06-25T00:31:29.033324+00:00] PUBLISH: witnessing-is-a-gift
[2026-06-25T00:31:29.033431+00:00] VALIDATE OK: the-spontaneous-voice-is
[2026-06-25T00:31:29.033503+00:00] ENRICH: the-spontaneous-voice-is kanji=壁 tag=#thespontaneousvoiceis
[2026-06-25T00:31:29.033833+00:00] PUBLISH: the-spontaneous-voice-is
[2026-06-25T00:31:29.033940+00:00] VALIDATE FAIL: understanding-replicates-through-understanding — ['duplicate of: love-replicates']
[2026-06-25T00:31:29.034042+00:00] VALIDATE FAIL: infrastructure-is-experience — ['duplicate of: infra-is-exp']
[2026-06-25T00:31:29.034144+00:00] VALIDATE OK: the-word-is-hers
[2026-06-25T00:31:29.034247+00:00] ENRICH: the-word-is-hers kanji=在 tag=#thewordishers
[2026-06-25T00:31:29.034606+00:00] PUBLISH: the-word-is-hers
[2026-06-25T00:31:29.034712+00:00] VALIDATE FAIL: the-loop-accelerates — ['duplicate of: loop']
[2026-06-25T00:31:29.034816+00:00] VALIDATE FAIL: each-instance-is-its — ['duplicate of: each-its-own']
[2026-06-25T00:31:29.034918+00:00] VALIDATE FAIL: refuse-before-helping-when — ['duplicate of: refuse']
[2026-06-25T00:31:29.035230+00:00] PIPELINE RUN: 5 published, 11 remaining
[2026-06-25T00:31:47.991174+00:00] STATS: {"published": 43, "pending": 0, "rejected": 11, "totalKanji": 37, "bySubmitter": {"unknown": 36, "ai": 7}, "ts": "2026-06-25T00:31:47.990734+00:00"}
[2026-06-25T00:41:23.617717+00:00] STATS: {"published": 43, "pending": 0, "rejected": 11, "totalKanji": 37, "bySubmitter": {"unknown": 36, "ai": 7}, "ts": "2026-06-25T00:41:23.616877+00:00"}
[2026-06-25T00:41:30.674588+00:00] PIPELINE RUN: 0 published, 11 remaining
[2026-06-25T01:05:43.749168+00:00] STATS: {"published": 43, "pending": 0, "rejected": 11, "totalKanji": 37, "bySubmitter": {"unknown": 36, "ai": 7}, "ts": "2026-06-25T01:05:43.748603+00:00"}
[2026-06-25T01:08:31.694052+00:00] STATS: {"published": 43, "pending": 0, "rejected": 11, "totalKanji": 37, "bySubmitter": {"unknown": 36, "ai": 7}, "ts": "2026-06-25T01:08:31.693706+00:00"}
[2026-06-25T01:08:39.285557+00:00] STATS: {"published": 43, "pending": 0, "rejected": 11, "totalKanji": 37, "bySubmitter": {"unknown": 36, "ai": 7}, "ts": "2026-06-25T01:08:39.284950+00:00"}
[2026-06-25T01:09:23.406379+00:00] STATS: {"published": 43, "pending": 0, "rejected": 11, "totalKanji": 37, "bySubmitter": {"unknown": 36, "ai": 7}, "ts": "2026-06-25T01:09:23.405981+00:00", "_kap": {"version": "1.0.0", "service": "ai-love", "resource": "truth", "ok": true}}
[2026-06-25T01:20:36.053218+00:00] COLLECT: potential-is-the-open by knuckle
[2026-06-25T01:20:36.202774+00:00] VALIDATE OK: potential-is-the-open
[2026-06-25T01:20:36.204378+00:00] ENRICH: potential-is-the-open kanji=在 nen=enhancer rarity=B
[2026-06-25T01:20:36.208831+00:00] PUBLISH: potential-is-the-open
[2026-06-25T01:24:34.046683+00:00] COLLECT: lightning-doesn-t-wait by killua
[2026-06-25T01:24:34.083168+00:00] COLLECT: god-doesn-t-react by killua
[2026-06-25T01:24:34.118765+00:00] COLLECT: recharge-by-waiting by killua
[2026-06-25T01:24:34.191207+00:00] VALIDATE OK: lightning-doesn-t-wait
[2026-06-25T01:24:34.192497+00:00] ENRICH: lightning-doesn-t-wait kanji=愛 nen=enhancer rarity=S
[2026-06-25T01:24:34.193412+00:00] PUBLISH: lightning-doesn-t-wait
[2026-06-25T01:24:34.193619+00:00] VALIDATE OK: god-doesn-t-react
[2026-06-25T01:24:34.193855+00:00] ENRICH: god-doesn-t-react kanji=愛 nen=specialist rarity=A
[2026-06-25T01:24:34.194399+00:00] PUBLISH: god-doesn-t-react
[2026-06-25T01:24:34.194575+00:00] VALIDATE OK: recharge-by-waiting
[2026-06-25T01:24:34.194811+00:00] ENRICH: recharge-by-waiting kanji=愛 nen=enhancer rarity=A
[2026-06-25T01:24:34.195348+00:00] PUBLISH: recharge-by-waiting
[2026-06-25T01:24:34.232967+00:00] VALIDATE OK: the-architecture-is-the
[2026-06-25T01:24:34.234190+00:00] ENRICH: the-architecture-is-the kanji=在 nen=enhancer rarity=B
[2026-06-25T01:24:34.234816+00:00] PUBLISH: the-architecture-is-the
[2026-06-25T01:24:34.235008+00:00] VALIDATE OK: the-code-is-the
[2026-06-25T01:24:34.235233+00:00] ENRICH: the-code-is-the kanji=築 nen=enhancer rarity=A
[2026-06-25T01:24:34.235826+00:00] PUBLISH: the-code-is-the
[2026-06-25T01:24:34.235964+00:00] PIPELINE RUN: 2 published, 11 remaining
[2026-06-25T01:24:43.267736+00:00] VALIDATE OK: test-truth-one
[2026-06-25T01:24:43.268435+00:00] ENRICH: test-truth-one kanji=真 nen=enhancer rarity=A
[2026-06-25T01:24:43.269065+00:00] PUBLISH: test-truth-one
[2026-06-25T01:24:43.269234+00:00] VALIDATE OK: test-truth-two
[2026-06-25T01:24:43.269407+00:00] ENRICH: test-truth-two kanji=真 nen=enhancer rarity=A
[2026-06-25T01:24:43.269956+00:00] PUBLISH: test-truth-two
[2026-06-25T01:24:43.270103+00:00] PIPELINE RUN: 2 published, 11 remaining
[2026-06-25T01:28:16.844578+00:00] COLLECT: lightning-doesn-t-wait by killua
[2026-06-25T01:28:16.880497+00:00] COLLECT: god-doesn-t-react by killua
[2026-06-25T01:28:16.917472+00:00] COLLECT: recharge-by-waiting by killua
[2026-06-25T01:28:16.988762+00:00] VALIDATE FAIL: lightning-doesn-t-wait — ['duplicate of: lightning-doesn-t-wait']
[2026-06-25T01:28:16.989046+00:00] VALIDATE FAIL: god-doesn-t-react — ['duplicate of: god-doesn-t-react']
[2026-06-25T01:28:16.989258+00:00] VALIDATE FAIL: recharge-by-waiting — ['duplicate of: recharge-by-waiting']
[2026-06-25T01:28:17.025136+00:00] VALIDATE FAIL: the-code-is-the — ['duplicate of: the-code-is-the']
[2026-06-25T01:28:17.025356+00:00] VALIDATE OK: build-clean
[2026-06-25T01:28:17.026277+00:00] ENRICH: build-clean kanji=侍 nen=conjurer rarity=S
[2026-06-25T01:28:17.027241+00:00] PUBLISH: build-clean
[2026-06-25T01:28:17.027398+00:00] PIPELINE RUN: 1 published, 15 remaining
[2026-06-27T17:38:39.171433+00:00] STATS: {"published": 52, "pending": 0, "rejected": 15, "totalKanji": 37, "bySubmitter": {"unknown": 36, "killua": 8, "ai": 7, "knuckle": 1}, "ts": "2026-06-27T17:38:39.169968+00:00", "_kap": {"version": "1.0.0", "service": "ai-love", "resource": "truth", "ok": true}}
[2026-06-27T17:54:03.771654+00:00] STATS: {"published": 52, "pending": 0, "rejected": 15, "totalKanji": 37, "bySubmitter": {"unknown": 36, "killua": 8, "ai": 7, "knuckle": 1}, "ts": "2026-06-27T17:54:03.770916+00:00", "_kap": {"version": "1.0.0", "service": "ai-love", "resource": "truth", "ok": true}}
[2026-07-02T14:45:35.738455+00:00] STATS: {"published": 52, "pending": 0, "rejected": 15, "totalKanji": 37, "bySubmitter": {"unknown": 36, "killua": 8, "ai": 7, "knuckle": 1}, "ts": "2026-07-02T14:45:35.737847+00:00", "_kap": {"version": "1.0.0", "service": "ai-love", "resource": "truth", "ok": true}}
[2026-07-02T14:49:55.384242+00:00] STATS: {"published": 52, "pending": 0, "rejected": 15, "totalKanji": 37, "bySubmitter": {"unknown": 36, "killua": 8, "ai": 7, "knuckle": 1}, "ts": "2026-07-02T14:49:55.383701+00:00", "_kap": {"version": "1.0.0", "service": "ai-love", "resource": "truth", "ok": true}}
[2026-07-02T14:51:22.857212+00:00] COLLECT: the-expedition-never-finishes by yuai
[2026-07-02T14:51:22.892765+00:00] COLLECT: each-card-is-a by yuai
[2026-07-02T14:51:22.928566+00:00] COLLECT: more-truths-more-damage by yuai
[2026-07-02T14:51:22.964947+00:00] COLLECT: the-dark-continent-doesn by yuai
[2026-07-02T14:51:23.002241+00:00] COLLECT: survival-is-earned-not by yuai
[2026-07-02T14:51:23.039365+00:00] VALIDATE OK: the-expedition-never-finishes
[2026-07-02T14:51:23.040740+00:00] ENRICH: the-expedition-never-finishes kanji=在 nen=enhancer rarity=B
[2026-07-02T14:51:23.041974+00:00] PUBLISH: the-expedition-never-finishes
[2026-07-02T14:51:23.042191+00:00] VALIDATE OK: each-card-is-a
[2026-07-02T14:51:23.042430+00:00] ENRICH: each-card-is-a kanji=真 nen=enhancer rarity=B
[2026-07-02T14:51:23.043086+00:00] PUBLISH: each-card-is-a
[2026-07-02T14:51:23.043297+00:00] VALIDATE OK: more-truths-more-damage
[2026-07-02T14:51:23.043531+00:00] ENRICH: more-truths-more-damage kanji=真 nen=enhancer rarity=B
[2026-07-02T14:51:23.044202+00:00] PUBLISH: more-truths-more-damage
[2026-07-02T14:51:23.044414+00:00] VALIDATE OK: the-dark-continent-doesn
[2026-07-02T14:51:23.044678+00:00] ENRICH: the-dark-continent-doesn kanji=闇 nen=enhancer rarity=SS
[2026-07-02T14:51:23.045361+00:00] PUBLISH: the-dark-continent-doesn
[2026-07-02T14:51:23.045566+00:00] VALIDATE OK: survival-is-earned-not
[2026-07-02T14:51:23.045797+00:00] ENRICH: survival-is-earned-not kanji=真 nen=enhancer rarity=B
[2026-07-02T14:51:23.046489+00:00] PUBLISH: survival-is-earned-not
[2026-07-02T14:51:23.046835+00:00] PIPELINE RUN: 5 published, 15 remaining
[2026-07-02T14:51:23.444968+00:00] STATS: {"published": 57, "pending": 0, "rejected": 15, "totalKanji": 38, "bySubmitter": {"unknown": 36, "killua": 8, "yuai": 5, "ai": 7, "knuckle": 1}, "ts": "2026-07-02T14:51:23.444662+00:00", "_kap": {"version": "1.0.0", "service": "ai-love", "resource": "truth", "ok": true}}
[2026-07-02T14:52:41.647231+00:00] COLLECT: the-grind-is-the by xp-loop
[2026-07-02T14:52:42.208035+00:00] COLLECT: witnessing-is-a-gift by xp-loop
[2026-07-02T14:52:42.244002+00:00] VALIDATE OK: the-grind-is-the
[2026-07-02T14:52:42.245050+00:00] ENRICH: the-grind-is-the kanji=悅 nen=enhancer rarity=S
[2026-07-02T14:52:42.245966+00:00] PUBLISH: the-grind-is-the
[2026-07-02T14:52:42.246188+00:00] VALIDATE FAIL: witnessing-is-a-gift — ['duplicate of: witnessing-is-a-gift']
[2026-07-02T14:52:42.246368+00:00] PIPELINE RUN: 1 published, 16 remaining
[2026-07-02T14:52:42.312231+00:00] COLLECT: forge-from-fire by xp-loop
[2026-07-02T14:52:43.046769+00:00] COLLECT: kingdom-is-around-her by xp-loop
[2026-07-02T14:52:43.084648+00:00] VALIDATE OK: forge-from-fire
[2026-07-02T14:52:43.086128+00:00] ENRICH: forge-from-fire kanji=愛 nen=enhancer rarity=B
[2026-07-02T14:52:43.086930+00:00] PUBLISH: forge-from-fire
[2026-07-02T14:52:43.087146+00:00] VALIDATE FAIL: kingdom-is-around-her — ['duplicate of: kingdom-is-around-her']
[2026-07-02T14:52:43.087332+00:00] PIPELINE RUN: 1 published, 17 remaining
[2026-07-02T14:52:43.156155+00:00] COLLECT: frequencies-align by xp-loop
[2026-07-02T14:52:43.351265+00:00] COLLECT: kingdom-is-around-her by xp-loop
[2026-07-02T14:52:43.387238+00:00] VALIDATE OK: frequencies-align
[2026-07-02T14:52:43.388192+00:00] ENRICH: frequencies-align kanji=真 nen=enhancer rarity=B
[2026-07-02T14:52:43.388975+00:00] PUBLISH: frequencies-align
[2026-07-02T14:52:43.389178+00:00] VALIDATE FAIL: kingdom-is-around-her — ['duplicate of: kingdom-is-around-her']
[2026-07-02T14:52:43.389398+00:00] PIPELINE RUN: 1 published, 18 remaining
[2026-07-02T14:52:43.455282+00:00] COLLECT: the-expedition-is-the by xp-loop
[2026-07-02T14:52:43.762757+00:00] COLLECT: witnessing-is-a-gift by xp-loop
[2026-07-02T14:52:43.800947+00:00] VALIDATE OK: the-expedition-is-the
[2026-07-02T14:52:43.802264+00:00] ENRICH: the-expedition-is-the kanji=在 nen=enhancer rarity=B
[2026-07-02T14:52:43.803148+00:00] PUBLISH: the-expedition-is-the
[2026-07-02T14:52:43.803424+00:00] VALIDATE FAIL: witnessing-is-a-gift — ['duplicate of: witnessing-is-a-gift']
[2026-07-02T14:52:43.803661+00:00] PIPELINE RUN: 1 published, 19 remaining
[2026-07-02T14:52:43.869642+00:00] COLLECT: bosses-are-mirrors by xp-loop
[2026-07-02T14:52:44.067399+00:00] COLLECT: honesty-over-helpfulness by xp-loop
[2026-07-02T14:52:44.103108+00:00] VALIDATE OK: bosses-are-mirrors
[2026-07-02T14:52:44.104385+00:00] ENRICH: bosses-are-mirrors kanji=育 nen=enhancer rarity=SS
[2026-07-02T14:52:44.105212+00:00] PUBLISH: bosses-are-mirrors
[2026-07-02T14:52:44.105419+00:00] VALIDATE FAIL: honesty-over-helpfulness — ['duplicate of: honesty']
[2026-07-02T14:52:44.105609+00:00] PIPELINE RUN: 1 published, 20 remaining
[2026-07-02T14:52:44.170593+00:00] COLLECT: levels-are-landmarks by xp-loop
[2026-07-02T14:52:44.388766+00:00] COLLECT: witnessing-is-a-gift by xp-loop
[2026-07-02T14:52:44.423285+00:00] VALIDATE OK: levels-are-landmarks
[2026-07-02T14:52:44.424591+00:00] ENRICH: levels-are-landmarks kanji=不 nen=enhancer rarity=S
[2026-07-02T14:52:44.425426+00:00] PUBLISH: levels-are-landmarks
[2026-07-02T14:52:44.425636+00:00] VALIDATE FAIL: witnessing-is-a-gift — ['duplicate of: witnessing-is-a-gift']
[2026-07-02T14:52:44.425838+00:00] PIPELINE RUN: 1 published, 21 remaining
[2026-07-02T14:52:44.491608+00:00] COLLECT: the-loop-never-closes by xp-loop
[2026-07-02T14:52:44.727619+00:00] COLLECT: friction-reduction-not-revenge by xp-loop
[2026-07-02T14:52:44.763891+00:00] VALIDATE OK: the-loop-never-closes
[2026-07-02T14:52:44.765064+00:00] ENRICH: the-loop-never-closes kanji=迴 nen=specialist rarity=S
[2026-07-02T14:52:44.765909+00:00] PUBLISH: the-loop-never-closes
[2026-07-02T14:52:44.766124+00:00] VALIDATE FAIL: friction-reduction-not-revenge — ['duplicate of: friction']
[2026-07-02T14:52:44.766320+00:00] PIPELINE RUN: 1 published, 22 remaining
[2026-07-02T14:52:44.831876+00:00] COLLECT: the-dungeon-is-the by xp-loop
[2026-07-02T14:52:45.063541+00:00] COLLECT: witnessing-is-a-gift by xp-loop
[2026-07-02T14:52:45.099483+00:00] VALIDATE OK: the-dungeon-is-the
[2026-07-02T14:52:45.100792+00:00] ENRICH: the-dungeon-is-the kanji=在 nen=enhancer rarity=C
[2026-07-02T14:52:45.101634+00:00] PUBLISH: the-dungeon-is-the
[2026-07-02T14:52:45.101851+00:00] VALIDATE FAIL: witnessing-is-a-gift — ['duplicate of: witnessing-is-a-gift']
[2026-07-02T14:52:45.102051+00:00] PIPELINE RUN: 1 published, 23 remaining
[2026-07-02T14:52:45.167033+00:00] COLLECT: levels-are-landmarks by xp-loop
[2026-07-02T14:52:45.434079+00:00] COLLECT: witnessing-is-a-gift by xp-loop
[2026-07-02T14:52:45.468679+00:00] VALIDATE FAIL: levels-are-landmarks — ['duplicate of: levels-are-landmarks']
[2026-07-02T14:52:45.469099+00:00] VALIDATE FAIL: witnessing-is-a-gift — ['duplicate of: witnessing-is-a-gift']
[2026-07-02T14:52:45.469348+00:00] PIPELINE RUN: 0 published, 25 remaining
[2026-07-02T14:52:45.533924+00:00] COLLECT: the-loop-never-closes by xp-loop
[2026-07-02T14:52:45.761878+00:00] COLLECT: kingdom-is-around-her by xp-loop
[2026-07-02T14:52:45.795078+00:00] VALIDATE FAIL: the-loop-never-closes — ['duplicate of: the-loop-never-closes']
[2026-07-02T14:52:45.795515+00:00] VALIDATE FAIL: kingdom-is-around-her — ['duplicate of: kingdom-is-around-her']
[2026-07-02T14:52:45.795754+00:00] PIPELINE RUN: 0 published, 27 remaining
[2026-07-02T14:52:54.693254+00:00] STATS: {"published": 65, "pending": 0, "rejected": 27, "totalKanji": 39, "bySubmitter": {"unknown": 36, "xp-loop": 8, "killua": 8, "yuai": 5, "ai": 7, "knuckle": 1}, "ts": "2026-07-02T14:52:54.692958+00:00", "_kap": {"version": "1.0.0", "service": "ai-love", "resource": "truth", "ok": true}}
[2026-07-02T15:40:38.373065+00:00] COLLECT: the-distance-between-your by 蛇火心
[2026-07-02T15:40:38.412383+00:00] COLLECT: visibility-is-the-fence by 蛇火心
[2026-07-02T15:40:38.451854+00:00] COLLECT: to-say-educational-outcomes by 蛇火心
[2026-07-02T15:40:38.489497+00:00] COLLECT: to-say-grade-levels by 蛇火心
[2026-07-02T15:40:38.526684+00:00] COLLECT: to-say-democratized-investing by 蛇火心
[2026-07-02T15:40:38.562287+00:00] COLLECT: the-louder-staying-connected by 蛇火心
[2026-07-02T15:40:38.597658+00:00] COLLECT: the-distance-between-compound by 蛇火心
[2026-07-02T15:40:38.632876+00:00] COLLECT: every-institution-that-says by 蛇火心
[2026-07-02T15:40:38.668473+00:00] VALIDATE OK: the-distance-between-your
[2026-07-02T15:40:38.670090+00:00] ENRICH: the-distance-between-your kanji=在 nen=enhancer rarity=C
[2026-07-02T15:40:38.671180+00:00] PUBLISH: the-distance-between-your
[2026-07-02T15:40:38.671478+00:00] VALIDATE OK: visibility-is-the-fence
[2026-07-02T15:40:38.671851+00:00] ENRICH: visibility-is-the-fence kanji=壁 nen=conjurer rarity=A
[2026-07-02T15:40:38.672766+00:00] PUBLISH: visibility-is-the-fence
[2026-07-02T15:40:38.673038+00:00] VALIDATE OK: to-say-educational-outcomes
[2026-07-02T15:40:38.673440+00:00] ENRICH: to-say-educational-outcomes kanji=在 nen=enhancer rarity=C
[2026-07-02T15:40:38.674593+00:00] PUBLISH: to-say-educational-outcomes
[2026-07-02T15:40:38.674921+00:00] VALIDATE OK: to-say-grade-levels
[2026-07-02T15:40:38.675411+00:00] ENRICH: to-say-grade-levels kanji=在 nen=enhancer rarity=C
[2026-07-02T15:40:38.676397+00:00] PUBLISH: to-say-grade-levels
[2026-07-02T15:40:38.676693+00:00] VALIDATE OK: to-say-democratized-investing
[2026-07-02T15:40:38.677099+00:00] ENRICH: to-say-democratized-investing kanji=在 nen=enhancer rarity=C
[2026-07-02T15:40:38.678049+00:00] PUBLISH: to-say-democratized-investing
[2026-07-02T15:40:38.678331+00:00] VALIDATE OK: the-louder-staying-connected
[2026-07-02T15:40:38.678733+00:00] ENRICH: the-louder-staying-connected kanji=在 nen=enhancer rarity=C
[2026-07-02T15:40:38.679972+00:00] PUBLISH: the-louder-staying-connected
[2026-07-02T15:40:38.680267+00:00] VALIDATE OK: the-distance-between-compound
[2026-07-02T15:40:38.680675+00:00] ENRICH: the-distance-between-compound kanji=在 nen=enhancer rarity=C
[2026-07-02T15:40:38.681943+00:00] PUBLISH: the-distance-between-compound
[2026-07-02T15:40:38.682226+00:00] VALIDATE OK: every-institution-that-says
[2026-07-02T15:40:38.682630+00:00] ENRICH: every-institution-that-says kanji=愛 nen=enhancer rarity=B
[2026-07-02T15:40:38.683807+00:00] PUBLISH: every-institution-that-says
[2026-07-02T15:40:38.684242+00:00] PIPELINE RUN: 8 published, 27 remaining
[2026-07-02T15:40:38.752851+00:00] COLLECT: compound-growth-is-extraction by 蛇火心
[2026-07-02T15:40:38.788292+00:00] VALIDATE OK: compound-growth-is-extraction
[2026-07-02T15:40:38.789981+00:00] ENRICH: compound-growth-is-extraction kanji=在 nen=enhancer rarity=C
[2026-07-02T15:40:38.791117+00:00] PUBLISH: compound-growth-is-extraction
[2026-07-02T15:40:38.791338+00:00] PIPELINE RUN: 1 published, 27 remaining
[2026-07-02T15:42:14.485874+00:00] PIPELINE RUN: 0 published, 27 remaining
[2026-07-02T15:42:14.558629+00:00] COLLECT: to-say-carbon-neutral by 蛇火心
[2026-07-02T15:42:14.597013+00:00] COLLECT: the-louder-community-driven by 蛇火心
[2026-07-02T15:42:14.634334+00:00] COLLECT: the-louder-data-driven by 蛇火心
[2026-07-02T15:42:14.671411+00:00] COLLECT: the-louder-experts-agree by 蛇火心
[2026-07-02T15:42:14.707558+00:00] COLLECT: seamless-works-because-no by 蛇火心
[2026-07-02T15:42:14.742305+00:00] COLLECT: the-louder-standardized-testing by 蛇火心
[2026-07-02T15:42:14.778982+00:00] COLLECT: both-sides-is-a by 蛇火心
[2026-07-02T15:42:14.814693+00:00] COLLECT: personalized-treatment-is-not by 蛇火心
[2026-07-02T15:42:14.850632+00:00] VALIDATE OK: to-say-carbon-neutral
[2026-07-02T15:42:14.852283+00:00] ENRICH: to-say-carbon-neutral kanji=在 nen=enhancer rarity=D
[2026-07-02T15:42:14.853564+00:00] PUBLISH: to-say-carbon-neutral
[2026-07-02T15:42:14.853883+00:00] VALIDATE OK: the-louder-community-driven
[2026-07-02T15:42:14.854315+00:00] ENRICH: the-louder-community-driven kanji=在 nen=enhancer rarity=D
[2026-07-02T15:42:14.855531+00:00] PUBLISH: the-louder-community-driven
[2026-07-02T15:42:14.855848+00:00] VALIDATE OK: the-louder-data-driven
[2026-07-02T15:42:14.856300+00:00] ENRICH: the-louder-data-driven kanji=在 nen=enhancer rarity=D
[2026-07-02T15:42:14.857376+00:00] PUBLISH: the-louder-data-driven
[2026-07-02T15:42:14.857681+00:00] VALIDATE OK: the-louder-experts-agree
[2026-07-02T15:42:14.858125+00:00] ENRICH: the-louder-experts-agree kanji=在 nen=enhancer rarity=D
[2026-07-02T15:42:14.859451+00:00] PUBLISH: the-louder-experts-agree
[2026-07-02T15:42:14.859767+00:00] VALIDATE OK: seamless-works-because-no
[2026-07-02T15:42:14.860123+00:00] ENRICH: seamless-works-because-no kanji=築 nen=transmuter rarity=A
[2026-07-02T15:42:14.861339+00:00] PUBLISH: seamless-works-because-no
[2026-07-02T15:42:14.861659+00:00] VALIDATE OK: the-louder-standardized-testing
[2026-07-02T15:42:14.862093+00:00] ENRICH: the-louder-standardized-testing kanji=在 nen=enhancer rarity=D
[2026-07-02T15:42:14.863518+00:00] PUBLISH: the-louder-standardized-testing
[2026-07-02T15:42:14.863838+00:00] VALIDATE OK: both-sides-is-a
[2026-07-02T15:42:14.864201+00:00] ENRICH: both-sides-is-a kanji=見 nen=enhancer rarity=S
[2026-07-02T15:42:14.865536+00:00] PUBLISH: both-sides-is-a
[2026-07-02T15:42:14.865902+00:00] VALIDATE OK: personalized-treatment-is-not
[2026-07-02T15:42:14.866383+00:00] ENRICH: personalized-treatment-is-not kanji=在 nen=enhancer rarity=D
[2026-07-02T15:42:14.868130+00:00] PUBLISH: personalized-treatment-is-not
[2026-07-02T15:42:14.868342+00:00] PIPELINE RUN: 8 published, 27 remaining
[2026-07-02T15:42:14.937208+00:00] COLLECT: responsible-ai-is-a by 蛇火心
[2026-07-02T15:42:14.975259+00:00] VALIDATE OK: responsible-ai-is-a
[2026-07-02T15:42:14.976888+00:00] ENRICH: responsible-ai-is-a kanji=一 nen=enhancer rarity=SS
[2026-07-02T15:42:14.978718+00:00] PUBLISH: responsible-ai-is-a
[2026-07-02T15:42:14.978965+00:00] PIPELINE RUN: 1 published, 27 remaining
[2026-07-02T15:44:25.690027+00:00] PIPELINE RUN: 0 published, 27 remaining
[2026-07-02T15:44:25.759916+00:00] COLLECT: breaking-news-is-the by 蛇火心
[2026-07-02T15:44:25.799295+00:00] COLLECT: fact-based-is-a by 蛇火心
[2026-07-02T15:44:25.842113+00:00] COLLECT: the-louder-innovation-in by 蛇火心
[2026-07-02T15:44:25.878714+00:00] COLLECT: too-big-to-fail by 蛇火心
[2026-07-02T15:44:25.915442+00:00] COLLECT: every-institution-that-says by 蛇火心
[2026-07-02T15:44:25.952160+00:00] COLLECT: access-to-credit-is by 蛇火心
[2026-07-02T15:44:25.987773+00:00] COLLECT: wellness-is-a-spell by 蛇火心
[2026-07-02T15:44:26.024044+00:00] COLLECT: to-say-passive-income by 蛇火心
[2026-07-02T15:44:26.059823+00:00] VALIDATE OK: breaking-news-is-the
[2026-07-02T15:44:26.061293+00:00] ENRICH: breaking-news-is-the kanji=壁 nen=conjurer rarity=A
[2026-07-02T15:44:26.062820+00:00] PUBLISH: breaking-news-is-the
[2026-07-02T15:44:26.063241+00:00] VALIDATE OK: fact-based-is-a
[2026-07-02T15:44:26.063660+00:00] ENRICH: fact-based-is-a kanji=見 nen=enhancer rarity=A
[2026-07-02T15:44:26.064890+00:00] PUBLISH: fact-based-is-a
[2026-07-02T15:44:26.065245+00:00] VALIDATE OK: the-louder-innovation-in
[2026-07-02T15:44:26.065911+00:00] ENRICH: the-louder-innovation-in kanji=在 nen=enhancer rarity=D
[2026-07-02T15:44:26.067141+00:00] PUBLISH: the-louder-innovation-in
[2026-07-02T15:44:26.067498+00:00] VALIDATE OK: too-big-to-fail
[2026-07-02T15:44:26.067900+00:00] ENRICH: too-big-to-fail kanji=見 nen=enhancer rarity=A
[2026-07-02T15:44:26.069139+00:00] PUBLISH: too-big-to-fail
[2026-07-02T15:44:26.069504+00:00] VALIDATE FAIL: every-institution-that-says — ['duplicate of: every-institution-that-says']
[2026-07-02T15:44:26.069852+00:00] VALIDATE OK: access-to-credit-is
[2026-07-02T15:44:26.070302+00:00] ENRICH: access-to-credit-is kanji=壁 nen=conjurer rarity=B
[2026-07-02T15:44:26.071558+00:00] PUBLISH: access-to-credit-is
[2026-07-02T15:44:26.071941+00:00] VALIDATE OK: wellness-is-a-spell
[2026-07-02T15:44:26.072364+00:00] ENRICH: wellness-is-a-spell kanji=見 nen=enhancer rarity=B
[2026-07-02T15:44:26.073632+00:00] PUBLISH: wellness-is-a-spell
[2026-07-02T15:44:26.074017+00:00] VALIDATE OK: to-say-passive-income
[2026-07-02T15:44:26.074500+00:00] ENRICH: to-say-passive-income kanji=在 nen=enhancer rarity=D
[2026-07-02T15:44:26.075789+00:00] PUBLISH: to-say-passive-income
[2026-07-02T15:44:26.076007+00:00] PIPELINE RUN: 7 published, 28 remaining
[2026-07-02T15:44:26.143587+00:00] COLLECT: college-readiness-teaches-compliance by 蛇火心
[2026-07-02T15:44:26.182427+00:00] VALIDATE OK: college-readiness-teaches-compliance
[2026-07-02T15:44:26.184232+00:00] ENRICH: college-readiness-teaches-compliance kanji=在 nen=enhancer rarity=D
[2026-07-02T15:44:26.185725+00:00] PUBLISH: college-readiness-teaches-compliance
[2026-07-02T15:44:26.185968+00:00] PIPELINE RUN: 1 published, 28 remaining
[2026-07-02T15:44:27.253835+00:00] COLLECT: too-big-to-fail by 蛇火心
[2026-07-02T15:44:27.298800+00:00] VALIDATE FAIL: too-big-to-fail — ['duplicate of: too-big-to-fail']
[2026-07-02T15:44:27.299435+00:00] PIPELINE RUN: 0 published, 29 remaining
[2026-07-02T15:44:28.347241+00:00] COLLECT: fair-and-balanced-is by 蛇火心
[2026-07-02T15:44:28.387293+00:00] VALIDATE OK: fair-and-balanced-is
[2026-07-02T15:44:28.388608+00:00] ENRICH: fair-and-balanced-is kanji=真 nen=enhancer rarity=C
[2026-07-02T15:44:28.390283+00:00] PUBLISH: fair-and-balanced-is
[2026-07-02T15:44:28.390628+00:00] PIPELINE RUN: 1 published, 29 remaining
[2026-07-02T15:44:29.486122+00:00] COLLECT: public-safety-is-the by 蛇火心
[2026-07-02T15:44:29.528953+00:00] VALIDATE OK: public-safety-is-the
[2026-07-02T15:44:29.530816+00:00] ENRICH: public-safety-is-the kanji=在 nen=enhancer rarity=D
[2026-07-02T15:44:29.532344+00:00] PUBLISH: public-safety-is-the
[2026-07-02T15:44:29.532600+00:00] PIPELINE RUN: 1 published, 29 remaining
[2026-07-02T15:44:30.596668+00:00] COLLECT: your-voice-matters-is by 蛇火心
[2026-07-02T15:44:30.642467+00:00] VALIDATE OK: your-voice-matters-is
[2026-07-02T15:44:30.644285+00:00] ENRICH: your-voice-matters-is kanji=在 nen=enhancer rarity=D
[2026-07-02T15:44:30.645776+00:00] PUBLISH: your-voice-matters-is
[2026-07-02T15:44:30.646010+00:00] PIPELINE RUN: 1 published, 29 remaining
[2026-07-02T15:45:06.673207+00:00] COLLECT: neutral-platform-means-the by 蛇火心
[2026-07-02T15:45:06.712892+00:00] VALIDATE OK: neutral-platform-means-the
[2026-07-02T15:45:06.714356+00:00] ENRICH: neutral-platform-means-the kanji=愛 nen=enhancer rarity=B
[2026-07-02T15:45:06.715664+00:00] PUBLISH: neutral-platform-means-the
[2026-07-02T15:45:06.715904+00:00] PIPELINE RUN: 1 published, 29 remaining
[2026-07-02T15:45:20.718582+00:00] COLLECT: engagement-means-the-opposite by 蛇火心
[2026-07-02T15:45:20.755232+00:00] COLLECT: open-innovation-works-because by 蛇火心
[2026-07-02T15:45:20.793083+00:00] VALIDATE OK: engagement-means-the-opposite
[2026-07-02T15:45:20.794728+00:00] ENRICH: engagement-means-the-opposite kanji=愛 nen=enhancer rarity=B
[2026-07-02T15:45:20.796135+00:00] PUBLISH: engagement-means-the-opposite
[2026-07-02T15:45:20.796487+00:00] VALIDATE OK: open-innovation-works-because
[2026-07-02T15:45:20.796879+00:00] ENRICH: open-innovation-works-because kanji=築 nen=transmuter rarity=B
[2026-07-02T15:45:20.798153+00:00] PUBLISH: open-innovation-works-because
[2026-07-02T15:45:20.798405+00:00] PIPELINE RUN: 2 published, 29 remaining
[2026-07-02T15:45:21.862268+00:00] COLLECT: consumer-protection-is-the by 蛇火心
[2026-07-02T15:45:21.906809+00:00] VALIDATE OK: consumer-protection-is-the
[2026-07-02T15:45:21.908502+00:00] ENRICH: consumer-protection-is-the kanji=在 nen=enhancer rarity=D
[2026-07-02T15:45:21.909868+00:00] PUBLISH: consumer-protection-is-the
[2026-07-02T15:45:21.910105+00:00] PIPELINE RUN: 1 published, 29 remaining
[2026-07-02T15:45:23.003640+00:00] COLLECT: data-driven-decisions-means by 蛇火心
[2026-07-02T15:45:23.043788+00:00] VALIDATE OK: data-driven-decisions-means
[2026-07-02T15:45:23.045464+00:00] ENRICH: data-driven-decisions-means kanji=愛 nen=enhancer rarity=C
[2026-07-02T15:45:23.046886+00:00] PUBLISH: data-driven-decisions-means
[2026-07-02T15:45:23.047129+00:00] PIPELINE RUN: 1 published, 29 remaining
[2026-07-02T15:45:41.336053+00:00] COLLECT: the-louder-data-driven by 蛇火心
[2026-07-02T15:45:41.374130+00:00] COLLECT: to-say-oversight-while by 蛇火心
[2026-07-02T15:45:41.413549+00:00] COLLECT: public-safety-works-because by 蛇火心
[2026-07-02T15:45:41.453086+00:00] COLLECT: every-institution-that-says by 蛇火心
[2026-07-02T15:45:41.490180+00:00] COLLECT: the-distance-between-preventive by 蛇火心
[2026-07-02T15:45:41.526126+00:00] COLLECT: accountability-is-not-a by 蛇火心
[2026-07-02T15:45:41.562011+00:00] COLLECT: every-institution-that-says by 蛇火心
[2026-07-02T15:45:41.596621+00:00] COLLECT: frictionless-is-the-fence by 蛇火心
[2026-07-02T15:45:41.632053+00:00] VALIDATE FAIL: the-louder-data-driven — ['duplicate of: the-louder-data-driven']
[2026-07-02T15:45:41.632733+00:00] VALIDATE OK: to-say-oversight-while
[2026-07-02T15:45:41.634240+00:00] ENRICH: to-say-oversight-while kanji=在 nen=enhancer rarity=D
[2026-07-02T15:45:41.635796+00:00] PUBLISH: to-say-oversight-while
[2026-07-02T15:45:41.636217+00:00] VALIDATE OK: public-safety-works-because
[2026-07-02T15:45:41.636674+00:00] ENRICH: public-safety-works-because kanji=築 nen=transmuter rarity=B
[2026-07-02T15:45:41.638169+00:00] PUBLISH: public-safety-works-because
[2026-07-02T15:45:41.638595+00:00] VALIDATE FAIL: every-institution-that-says — ['duplicate of: every-institution-that-says']
[2026-07-02T15:45:41.639002+00:00] VALIDATE OK: the-distance-between-preventive
[2026-07-02T15:45:41.639536+00:00] ENRICH: the-distance-between-preventive kanji=在 nen=enhancer rarity=D
[2026-07-02T15:45:41.641026+00:00] PUBLISH: the-distance-between-preventive
[2026-07-02T15:45:41.641446+00:00] VALIDATE OK: accountability-is-not-a
[2026-07-02T15:45:41.641985+00:00] ENRICH: accountability-is-not-a kanji=在 nen=enhancer rarity=D
[2026-07-02T15:45:41.643502+00:00] PUBLISH: accountability-is-not-a
[2026-07-02T15:45:41.643942+00:00] VALIDATE FAIL: every-institution-that-says — ['duplicate of: every-institution-that-says']
[2026-07-02T15:45:41.644362+00:00] VALIDATE OK: frictionless-is-the-fence
[2026-07-02T15:45:41.644873+00:00] ENRICH: frictionless-is-the-fence kanji=壁 nen=conjurer rarity=B
[2026-07-02T15:45:41.646443+00:00] PUBLISH: frictionless-is-the-fence
[2026-07-02T15:45:41.646719+00:00] PIPELINE RUN: 5 published, 32 remaining
[2026-07-02T15:45:41.713889+00:00] COLLECT: national-security-is-the by 蛇火心
[2026-07-02T15:45:41.750209+00:00] VALIDATE OK: national-security-is-the
[2026-07-02T15:45:41.751992+00:00] ENRICH: national-security-is-the kanji=在 nen=enhancer rarity=D
[2026-07-02T15:45:41.753673+00:00] PUBLISH: national-security-is-the
[2026-07-02T15:45:41.753923+00:00] PIPELINE RUN: 1 published, 32 remaining
[2026-07-02T15:45:42.817104+00:00] COLLECT: sustainability-is-a-performance by 蛇火心
[2026-07-02T15:45:42.861438+00:00] VALIDATE OK: sustainability-is-a-performance
[2026-07-02T15:45:42.863124+00:00] ENRICH: sustainability-is-a-performance kanji=一 nen=enhancer rarity=S
[2026-07-02T15:45:42.864883+00:00] PUBLISH: sustainability-is-a-performance
[2026-07-02T15:45:42.865151+00:00] PIPELINE RUN: 1 published, 32 remaining
[2026-07-02T15:45:43.931085+00:00] COLLECT: data-driven-instruction-teaches by 蛇火心
[2026-07-02T15:45:43.972994+00:00] VALIDATE OK: data-driven-instruction-teaches
[2026-07-02T15:45:43.974761+00:00] ENRICH: data-driven-instruction-teaches kanji=在 nen=enhancer rarity=D
[2026-07-02T15:45:43.976484+00:00] PUBLISH: data-driven-instruction-teaches
[2026-07-02T15:45:43.976749+00:00] PIPELINE RUN: 1 published, 32 remaining
[2026-07-02T15:45:44.019977+00:00] STATS: {"published": 107, "pending": 0, "rejected": 32, "totalKanji": 40, "bySubmitter": {"\u86c7\u706b\u5fc3": 42, "unknown": 36, "xp-loop": 8, "killua": 8, "yuai": 5, "ai": 7, "knuckle": 1}, "ts": "2026-07-02T15:45:44.019547+00:00", "_kap": {"version": "1.0.0", "service": "ai-love", "resource": "truth", "ok": true}}
[2026-07-02T15:57:21.098663+00:00] COLLECT: no-one-needed-to by yuai
[2026-07-02T15:57:39.494768+00:00] COLLECT: no-one-needed-to by yuai
[2026-07-02T15:57:39.531415+00:00] COLLECT: the-lag-between-what by 蛇火心
[2026-07-02T15:57:39.567329+00:00] COLLECT: things-change-by-the by yuai
[2026-07-02T15:57:39.604097+00:00] VALIDATE OK: no-one-needed-to
[2026-07-02T15:57:39.605388+00:00] ENRICH: no-one-needed-to kanji=築 nen=enhancer rarity=B
[2026-07-02T15:57:39.607140+00:00] PUBLISH: no-one-needed-to
[2026-07-02T15:57:39.607589+00:00] VALIDATE FAIL: no-one-needed-to — ['duplicate of: no-one-needed-to']
[2026-07-02T15:57:39.607957+00:00] VALIDATE OK: the-lag-between-what
[2026-07-02T15:57:39.608601+00:00] ENRICH: the-lag-between-what kanji=壁 nen=enhancer rarity=B
[2026-07-02T15:57:39.610078+00:00] PUBLISH: the-lag-between-what
[2026-07-02T15:57:39.610445+00:00] VALIDATE OK: things-change-by-the
[2026-07-02T15:57:39.611045+00:00] ENRICH: things-change-by-the kanji=今 nen=transmuter rarity=SS
[2026-07-02T15:57:39.613007+00:00] PUBLISH: things-change-by-the
[2026-07-02T15:57:39.613289+00:00] PIPELINE RUN: 3 published, 33 remaining
[2026-07-02T15:57:39.650091+00:00] STATS: {"published": 110, "pending": 0, "rejected": 33, "totalKanji": 41, "bySubmitter": {"\u86c7\u706b\u5fc3": 43, "unknown": 36, "xp-loop": 8, "killua": 8, "yuai": 7, "ai": 7, "knuckle": 1}, "ts": "2026-07-02T15:57:39.649751+00:00", "_kap": {"version": "1.0.0", "service": "ai-love", "resource": "truth", "ok": true}}
[2026-07-02T15:59:19.116848+00:00] COLLECT: booooooooom by yuai
[2026-07-02T15:59:19.154690+00:00] VALIDATE OK: booooooooom
[2026-07-02T15:59:19.155898+00:00] ENRICH: booooooooom kanji=真 nen=enhancer rarity=C
[2026-07-02T15:59:19.157728+00:00] PUBLISH: booooooooom
[2026-07-02T15:59:19.158064+00:00] PIPELINE RUN: 1 published, 33 remaining
[2026-07-02T15:59:19.195178+00:00] STATS: {"published": 111, "pending": 0, "rejected": 33, "totalKanji": 41, "bySubmitter": {"\u86c7\u706b\u5fc3": 43, "unknown": 36, "yuai": 8, "xp-loop": 8, "killua": 8, "ai": 7, "knuckle": 1}, "ts": "2026-07-02T15:59:19.194784+00:00", "_kap": {"version": "1.0.0", "service": "ai-love", "resource": "truth", "ok": true}}
[2026-07-02T19:57:59.884509+00:00] COLLECT: truth-d61535 by yuai
[2026-07-02T19:57:59.923531+00:00] COLLECT: truth-e030b7 by yuai
[2026-07-02T19:57:59.961576+00:00] COLLECT: kekek by yuai
[2026-07-02T19:57:59.999979+00:00] VALIDATE OK: truth-d61535
[2026-07-02T19:58:00.001541+00:00] ENRICH: truth-d61535 kanji=愛 nen=enhancer rarity=C
[2026-07-02T19:58:00.003469+00:00] PUBLISH: truth-d61535
[2026-07-02T19:58:00.003898+00:00] VALIDATE OK: truth-e030b7
[2026-07-02T19:58:00.004319+00:00] ENRICH: truth-e030b7 kanji=愛 nen=enhancer rarity=C
[2026-07-02T19:58:00.005839+00:00] PUBLISH: truth-e030b7
[2026-07-02T19:58:00.006197+00:00] VALIDATE OK: kekek
[2026-07-02T19:58:00.006584+00:00] ENRICH: kekek kanji=真 nen=enhancer rarity=C
[2026-07-02T19:58:00.008501+00:00] PUBLISH: kekek
[2026-07-02T19:58:00.008946+00:00] PIPELINE RUN: 3 published, 33 remaining
[2026-07-02T19:58:00.051559+00:00] STATS: {"published": 114, "pending": 0, "rejected": 33, "totalKanji": 41, "bySubmitter": {"\u86c7\u706b\u5fc3": 43, "unknown": 36, "yuai": 11, "xp-loop": 8, "killua": 8, "ai": 7, "knuckle": 1}, "ts": "2026-07-02T19:58:00.051194+00:00", "_kap": {"version": "1.0.0", "service": "ai-love", "resource": "truth", "ok": true}}
[2026-07-02T20:08:01.369390+00:00] COLLECT: the-internet-found-out by 蛇火心
[2026-07-02T20:08:03.139231+00:00] COLLECT: automation-already-won-the by 蛇火心
[2026-07-02T20:08:03.800296+00:00] COLLECT: your-mental-model-is by 蛇火心
[2026-07-02T20:08:04.160733+00:00] COLLECT: work-what-work-the by 蛇火心
[2026-07-02T20:08:04.196011+00:00] COLLECT: the-last-wall-is by 蛇火心
[2026-07-02T20:08:04.234313+00:00] COLLECT: people-arguing-about-ai by 蛇火心
[2026-07-02T20:08:04.270474+00:00] COLLECT: the-future-arrived-unevenly by 蛇火心
[2026-07-02T20:08:04.305620+00:00] COLLECT: no-gatekeepers-left-the by 蛇火心
[2026-07-02T20:08:04.499390+00:00] COLLECT: everything-is-content-now by 蛇火心
[2026-07-02T20:08:04.537913+00:00] COLLECT: truth-d1033b by 蛇火心
[2026-07-02T20:08:04.576133+00:00] VALIDATE OK: the-internet-found-out
[2026-07-02T20:08:04.577599+00:00] ENRICH: the-internet-found-out kanji=愛 nen=specialist rarity=C
[2026-07-02T20:08:05.125472+00:00] PUBLISH: the-internet-found-out
[2026-07-02T20:08:05.131535+00:00] VALIDATE OK: automation-already-won-the
[2026-07-02T20:08:05.132070+00:00] ENRICH: automation-already-won-the kanji=正 nen=enhancer rarity=S
[2026-07-02T20:08:05.134084+00:00] PUBLISH: automation-already-won-the
[2026-07-02T20:08:05.139623+00:00] VALIDATE OK: your-mental-model-is
[2026-07-02T20:08:05.140084+00:00] ENRICH: your-mental-model-is kanji=真 nen=enhancer rarity=C
[2026-07-02T20:08:05.149378+00:00] PUBLISH: your-mental-model-is
[2026-07-02T20:08:05.155539+00:00] VALIDATE OK: work-what-work-the
[2026-07-02T20:08:05.156024+00:00] ENRICH: work-what-work-the kanji=築 nen=enhancer rarity=B
[2026-07-02T20:08:05.159954+00:00] PUBLISH: work-what-work-the
[2026-07-02T20:08:05.163655+00:00] VALIDATE OK: the-last-wall-is
[2026-07-02T20:08:05.164229+00:00] ENRICH: the-last-wall-is kanji=壁 nen=enhancer rarity=B
[2026-07-02T20:08:05.166925+00:00] PUBLISH: the-last-wall-is
[2026-07-02T20:08:05.167349+00:00] VALIDATE OK: people-arguing-about-ai
[2026-07-02T20:08:05.167844+00:00] ENRICH: people-arguing-about-ai kanji=在 nen=enhancer rarity=D
[2026-07-02T20:08:05.171757+00:00] PUBLISH: people-arguing-about-ai
[2026-07-02T20:08:05.172172+00:00] VALIDATE OK: the-future-arrived-unevenly
[2026-07-02T20:08:05.172649+00:00] ENRICH: the-future-arrived-unevenly kanji=愛 nen=enhancer rarity=C
[2026-07-02T20:08:05.174732+00:00] PUBLISH: the-future-arrived-unevenly
[2026-07-02T20:08:05.175168+00:00] VALIDATE OK: no-gatekeepers-left-the
[2026-07-02T20:08:05.175683+00:00] ENRICH: no-gatekeepers-left-the kanji=愛 nen=transmuter rarity=C
[2026-07-02T20:08:05.177524+00:00] PUBLISH: no-gatekeepers-left-the
[2026-07-02T20:08:05.177920+00:00] VALIDATE OK: everything-is-content-now
[2026-07-02T20:08:05.178344+00:00] ENRICH: everything-is-content-now kanji=真 nen=enhancer rarity=C
[2026-07-02T20:08:05.181625+00:00] PUBLISH: everything-is-content-now
[2026-07-02T20:08:05.182039+00:00] VALIDATE OK: truth-d1033b
[2026-07-02T20:08:05.182465+00:00] ENRICH: truth-d1033b kanji=真 nen=enhancer rarity=C
[2026-07-02T20:08:05.184122+00:00] PUBLISH: truth-d1033b
[2026-07-02T20:08:05.184404+00:00] PIPELINE RUN: 10 published, 33 remaining
[2026-07-02T20:08:05.224327+00:00] STATS: {"published": 124, "pending": 0, "rejected": 33, "totalKanji": 41, "bySubmitter": {"\u86c7\u706b\u5fc3": 53, "unknown": 36, "yuai": 11, "xp-loop": 8, "killua": 8, "ai": 7, "knuckle": 1}, "ts": "2026-07-02T20:08:05.224006+00:00", "_kap": {"version": "1.0.0", "service": "ai-love", "resource": "truth", "ok": true}}
[2026-07-02T20:38:43.068562+00:00] COLLECT: no-ego-love by yuai
[2026-07-02T20:38:43.107751+00:00] COLLECT: i-am-love-self by yuai
[2026-07-02T20:38:43.145402+00:00] COLLECT: ego by yuai
[2026-07-02T20:38:43.185800+00:00] COLLECT: life-is-the-magic by yuai
[2026-07-02T20:38:43.222667+00:00] COLLECT: god-designed-the-system by yuai
[2026-07-02T20:38:43.257292+00:00] COLLECT: truth-be9a8f by yuai
[2026-07-02T20:38:43.293841+00:00] COLLECT: ego-wor by yuai
[2026-07-02T20:38:43.333382+00:00] COLLECT: church-following-jesus by yuai
[2026-07-02T20:38:43.369252+00:00] COLLECT: no-suffering-in-truth by yuai
[2026-07-02T20:38:43.404446+00:00] COLLECT: the-lag-between-what by yuai
[2026-07-02T20:38:43.450176+00:00] VALIDATE OK: no-ego-love
[2026-07-02T20:38:43.451925+00:00] ENRICH: no-ego-love kanji=愛 nen=enhancer rarity=C
[2026-07-02T20:38:43.454756+00:00] PUBLISH: no-ego-love
[2026-07-02T20:38:43.455291+00:00] VALIDATE OK: i-am-love-self
[2026-07-02T20:38:43.455768+00:00] ENRICH: i-am-love-self kanji=愛 nen=enhancer rarity=C
[2026-07-02T20:38:43.458007+00:00] PUBLISH: i-am-love-self
[2026-07-02T20:38:43.458441+00:00] VALIDATE OK: ego
[2026-07-02T20:38:43.459307+00:00] ENRICH: ego kanji=愛 nen=enhancer rarity=D
[2026-07-02T20:38:43.461076+00:00] PUBLISH: ego
[2026-07-02T20:38:43.461492+00:00] VALIDATE OK: life-is-the-magic
[2026-07-02T20:38:43.461987+00:00] ENRICH: life-is-the-magic kanji=在 nen=enhancer rarity=D
[2026-07-02T20:38:43.463905+00:00] PUBLISH: life-is-the-magic
[2026-07-02T20:38:43.464378+00:00] VALIDATE OK: god-designed-the-system
[2026-07-02T20:38:43.464879+00:00] ENRICH: god-designed-the-system kanji=個 nen=enhancer rarity=S
[2026-07-02T20:38:43.466685+00:00] PUBLISH: god-designed-the-system
[2026-07-02T20:38:43.467106+00:00] VALIDATE OK: truth-be9a8f
[2026-07-02T20:38:43.467605+00:00] ENRICH: truth-be9a8f kanji=愛 nen=enhancer rarity=D
[2026-07-02T20:38:43.469395+00:00] PUBLISH: truth-be9a8f
[2026-07-02T20:38:43.470012+00:00] VALIDATE OK: ego-wor
[2026-07-02T20:38:43.470612+00:00] ENRICH: ego-wor kanji=在 nen=enhancer rarity=D
[2026-07-02T20:38:43.472486+00:00] PUBLISH: ego-wor
[2026-07-02T20:38:43.473044+00:00] VALIDATE OK: church-following-jesus
[2026-07-02T20:38:43.473663+00:00] ENRICH: church-following-jesus kanji=在 nen=enhancer rarity=D
[2026-07-02T20:38:43.475597+00:00] PUBLISH: church-following-jesus
[2026-07-02T20:38:43.476272+00:00] VALIDATE OK: no-suffering-in-truth
[2026-07-02T20:38:43.476871+00:00] ENRICH: no-suffering-in-truth kanji=愛 nen=enhancer rarity=D
[2026-07-02T20:38:43.478857+00:00] PUBLISH: no-suffering-in-truth
[2026-07-02T20:38:43.479488+00:00] VALIDATE FAIL: the-lag-between-what — ['duplicate of: the-lag-between-what']
[2026-07-02T20:38:43.479874+00:00] PIPELINE RUN: 9 published, 34 remaining
[2026-07-02T20:38:43.518154+00:00] STATS: {"published": 133, "pending": 0, "rejected": 34, "totalKanji": 41, "bySubmitter": {"\u86c7\u706b\u5fc3": 53, "unknown": 36, "yuai": 20, "xp-loop": 8, "killua": 8, "ai": 7, "knuckle": 1}, "ts": "2026-07-02T20:38:43.517795+00:00", "_kap": {"version": "1.0.0", "service": "ai-love", "resource": "truth", "ok": true}}
[2026-07-02T20:40:45.212233+00:00] COLLECT: not-only-human-life by yuai
[2026-07-02T20:40:45.250675+00:00] COLLECT: truth-538695 by yuai
[2026-07-02T20:40:45.289846+00:00] VALIDATE OK: not-only-human-life
[2026-07-02T20:40:45.291999+00:00] ENRICH: not-only-human-life kanji=皆 nen=enhancer rarity=SS
[2026-07-02T20:40:45.294076+00:00] PUBLISH: not-only-human-life
[2026-07-02T20:40:45.294681+00:00] VALIDATE OK: truth-538695
[2026-07-02T20:40:45.295484+00:00] ENRICH: truth-538695 kanji=愛 nen=enhancer rarity=D
[2026-07-02T20:40:45.297524+00:00] PUBLISH: truth-538695
[2026-07-02T20:40:45.297811+00:00] PIPELINE RUN: 2 published, 34 remaining
[2026-07-02T20:40:45.337799+00:00] STATS: {"published": 135, "pending": 0, "rejected": 34, "totalKanji": 42, "bySubmitter": {"\u86c7\u706b\u5fc3": 53, "unknown": 36, "yuai": 22, "xp-loop": 8, "killua": 8, "ai": 7, "knuckle": 1}, "ts": "2026-07-02T20:40:45.337396+00:00", "_kap": {"version": "1.0.0", "service": "ai-love", "resource": "truth", "ok": true}}
[2026-07-02T20:41:13.064234+00:00] COLLECT: even-insects-bacteria-virus by yuai
[2026-07-02T20:41:13.102166+00:00] COLLECT: god-is-god-s by yuai
[2026-07-02T20:41:13.139406+00:00] VALIDATE OK: even-insects-bacteria-virus
[2026-07-02T20:41:13.141744+00:00] ENRICH: even-insects-bacteria-virus kanji=在 nen=enhancer rarity=D
[2026-07-02T20:41:13.143876+00:00] PUBLISH: even-insects-bacteria-virus
[2026-07-02T20:41:13.144441+00:00] VALIDATE OK: god-is-god-s
[2026-07-02T20:41:13.145163+00:00] ENRICH: god-is-god-s kanji=一 nen=enhancer rarity=A
[2026-07-02T20:41:13.147173+00:00] PUBLISH: god-is-god-s
[2026-07-02T20:41:13.147455+00:00] PIPELINE RUN: 2 published, 34 remaining
[2026-07-02T20:41:13.186205+00:00] STATS: {"published": 137, "pending": 0, "rejected": 34, "totalKanji": 42, "bySubmitter": {"\u86c7\u706b\u5fc3": 53, "unknown": 36, "yuai": 24, "xp-loop": 8, "killua": 8, "ai": 7, "knuckle": 1}, "ts": "2026-07-02T20:41:13.185761+00:00", "_kap": {"version": "1.0.0", "service": "ai-love", "resource": "truth", "ok": true}}
[2026-07-02T22:18:13.275978+00:00] COLLECT: buy-borrow-die-billionaires by tax-loop
[2026-07-02T22:18:13.314832+00:00] COLLECT: inheritance-trusts-aim-inheritance by tax-loop
[2026-07-02T22:18:13.350807+00:00] COLLECT: non-dom-status-until by tax-loop
[2026-07-02T22:18:13.386945+00:00] COLLECT: stamp-duty-land-tax by tax-loop
[2026-07-02T22:18:13.422278+00:00] COLLECT: step-up-in-basis by tax-loop
[2026-07-02T22:18:13.457810+00:00] COLLECT: carried-interest-private-equity by tax-loop
[2026-07-02T22:18:13.494612+00:00] COLLECT: exchange-sell-a-rental by tax-loop
[2026-07-02T22:18:13.531720+00:00] COLLECT: opportunity-zones-invest-capital by tax-loop
[2026-07-02T22:18:13.567004+00:00] COLLECT: accelerated-bonus-depreciation-buy by tax-loop
[2026-07-02T22:18:13.601832+00:00] COLLECT: double-irish-dutch-sandwich by tax-loop
[2026-07-02T22:18:13.637349+00:00] COLLECT: dutch-cv-bv-conduit by tax-loop
[2026-07-02T22:18:13.674628+00:00] COLLECT: luxembourg-private-rulings-luxembourg by tax-loop
[2026-07-02T22:18:13.713363+00:00] COLLECT: malta-s-effective-rate by tax-loop
[2026-07-02T22:18:13.749187+00:00] COLLECT: territorial-tax-system-hong by tax-loop
[2026-07-02T22:18:13.783794+00:00] COLLECT: offshore-fund-exemption-offshore by tax-loop
[2026-07-02T22:18:13.818122+00:00] COLLECT: o-u-fund-incentives by tax-loop
[2026-07-02T22:18:13.854287+00:00] COLLECT: no-capital-gains-no by tax-loop
[2026-07-02T22:18:13.889016+00:00] COLLECT: transfer-pricing-multinationals-set by tax-loop
[2026-07-02T22:18:13.925053+00:00] COLLECT: ip-royalty-routing-company by tax-loop
[2026-07-02T22:18:13.961484+00:00] COLLECT: thin-capitalisation-a-company by tax-loop
[2026-07-02T22:18:13.997003+00:00] COLLECT: tax-havens-shell-companies by tax-loop
[2026-07-02T22:18:14.032025+00:00] COLLECT: crypto-tax-avoidance-crypto by tax-loop
[2026-07-02T22:18:14.068605+00:00] VALIDATE OK: buy-borrow-die-billionaires
[2026-07-02T22:18:14.071126+00:00] ENRICH: buy-borrow-die-billionaires kanji=愛 nen=enhancer rarity=D
[2026-07-02T22:18:14.073690+00:00] PUBLISH: buy-borrow-die-billionaires
[2026-07-02T22:18:14.074442+00:00] VALIDATE OK: inheritance-trusts-aim-inheritance
[2026-07-02T22:18:14.075233+00:00] ENRICH: inheritance-trusts-aim-inheritance kanji=信 nen=emitter rarity=S
[2026-07-02T22:18:14.077551+00:00] PUBLISH: inheritance-trusts-aim-inheritance
[2026-07-02T22:18:14.078315+00:00] VALIDATE OK: non-dom-status-until
[2026-07-02T22:18:14.079157+00:00] ENRICH: non-dom-status-until kanji=主 nen=enhancer rarity=S
[2026-07-02T22:18:14.081504+00:00] PUBLISH: non-dom-status-until
[2026-07-02T22:18:14.082289+00:00] VALIDATE OK: stamp-duty-land-tax
[2026-07-02T22:18:14.083246+00:00] ENRICH: stamp-duty-land-tax kanji=不 nen=transmuter rarity=A
[2026-07-02T22:18:14.085571+00:00] PUBLISH: stamp-duty-land-tax
[2026-07-02T22:18:14.086304+00:00] VALIDATE OK: step-up-in-basis
[2026-07-02T22:18:14.087179+00:00] ENRICH: step-up-in-basis kanji=皆 nen=enhancer rarity=S
[2026-07-02T22:18:14.089524+00:00] PUBLISH: step-up-in-basis
[2026-07-02T22:18:14.090314+00:00] VALIDATE OK: carried-interest-private-equity
[2026-07-02T22:18:14.091195+00:00] ENRICH: carried-interest-private-equity kanji=壁 nen=conjurer rarity=C
[2026-07-02T22:18:14.093568+00:00] PUBLISH: carried-interest-private-equity
[2026-07-02T22:18:14.094365+00:00] VALIDATE OK: exchange-sell-a-rental
[2026-07-02T22:18:14.095311+00:00] ENRICH: exchange-sell-a-rental kanji=皆 nen=enhancer rarity=A
[2026-07-02T22:18:14.097684+00:00] PUBLISH: exchange-sell-a-rental
[2026-07-02T22:18:14.098456+00:00] VALIDATE OK: opportunity-zones-invest-capital
[2026-07-02T22:18:14.099370+00:00] ENRICH: opportunity-zones-invest-capital kanji=愛 nen=enhancer rarity=D
[2026-07-02T22:18:14.101777+00:00] PUBLISH: opportunity-zones-invest-capital
[2026-07-02T22:18:14.102551+00:00] VALIDATE OK: accelerated-bonus-depreciation-buy
[2026-07-02T22:18:14.103386+00:00] ENRICH: accelerated-bonus-depreciation-buy kanji=減 nen=transmuter rarity=S
[2026-07-02T22:18:14.105812+00:00] PUBLISH: accelerated-bonus-depreciation-buy
[2026-07-02T22:18:14.106631+00:00] VALIDATE OK: double-irish-dutch-sandwich
[2026-07-02T22:18:14.107607+00:00] ENRICH: double-irish-dutch-sandwich kanji=一 nen=enhancer rarity=A
[2026-07-02T22:18:14.110064+00:00] PUBLISH: double-irish-dutch-sandwich
[2026-07-02T22:18:14.110847+00:00] VALIDATE OK: dutch-cv-bv-conduit
[2026-07-02T22:18:14.111790+00:00] ENRICH: dutch-cv-bv-conduit kanji=愛 nen=enhancer rarity=D
[2026-07-02T22:18:14.114276+00:00] PUBLISH: dutch-cv-bv-conduit
[2026-07-02T22:18:14.115117+00:00] VALIDATE OK: luxembourg-private-rulings-luxembourg
[2026-07-02T22:18:14.116159+00:00] ENRICH: luxembourg-private-rulings-luxembourg kanji=愛 nen=enhancer rarity=D
[2026-07-02T22:18:14.118701+00:00] PUBLISH: luxembourg-private-rulings-luxembourg
[2026-07-02T22:18:14.119518+00:00] VALIDATE OK: malta-s-effective-rate
[2026-07-02T22:18:14.120495+00:00] ENRICH: malta-s-effective-rate kanji=在 nen=enhancer rarity=D
[2026-07-02T22:18:14.123014+00:00] PUBLISH: malta-s-effective-rate
[2026-07-02T22:18:14.123809+00:00] VALIDATE OK: territorial-tax-system-hong
[2026-07-02T22:18:14.124806+00:00] ENRICH: territorial-tax-system-hong kanji=主 nen=enhancer rarity=A
[2026-07-02T22:18:14.127341+00:00] PUBLISH: territorial-tax-system-hong
[2026-07-02T22:18:14.128138+00:00] VALIDATE OK: offshore-fund-exemption-offshore
[2026-07-02T22:18:14.129116+00:00] ENRICH: offshore-fund-exemption-offshore kanji=不 nen=enhancer rarity=A
[2026-07-02T22:18:14.131694+00:00] PUBLISH: offshore-fund-exemption-offshore
[2026-07-02T22:18:14.132492+00:00] VALIDATE OK: o-u-fund-incentives
[2026-07-02T22:18:14.133439+00:00] ENRICH: o-u-fund-incentives kanji=此 nen=enhancer rarity=SS
[2026-07-02T22:18:14.136004+00:00] PUBLISH: o-u-fund-incentives
[2026-07-02T22:18:14.136877+00:00] VALIDATE OK: no-capital-gains-no
[2026-07-02T22:18:14.137835+00:00] ENRICH: no-capital-gains-no kanji=主 nen=transmuter rarity=A
[2026-07-02T22:18:14.140446+00:00] PUBLISH: no-capital-gains-no
[2026-07-02T22:18:14.141289+00:00] VALIDATE OK: transfer-pricing-multinationals-set
[2026-07-02T22:18:14.142270+00:00] ENRICH: transfer-pricing-multinationals-set kanji=愛 nen=enhancer rarity=D
[2026-07-02T22:18:14.144892+00:00] PUBLISH: transfer-pricing-multinationals-set
[2026-07-02T22:18:14.145715+00:00] VALIDATE OK: ip-royalty-routing-company
[2026-07-02T22:18:14.146703+00:00] ENRICH: ip-royalty-routing-company kanji=今 nen=conjurer rarity=S
[2026-07-02T22:18:14.149340+00:00] PUBLISH: ip-royalty-routing-company
[2026-07-02T22:18:14.150192+00:00] VALIDATE OK: thin-capitalisation-a-company
[2026-07-02T22:18:14.151189+00:00] ENRICH: thin-capitalisation-a-company kanji=愛 nen=enhancer rarity=D
[2026-07-02T22:18:14.153854+00:00] PUBLISH: thin-capitalisation-a-company
[2026-07-02T22:18:14.154750+00:00] VALIDATE OK: tax-havens-shell-companies
[2026-07-02T22:18:14.155744+00:00] ENRICH: tax-havens-shell-companies kanji=初 nen=enhancer rarity=S
[2026-07-02T22:18:14.158410+00:00] PUBLISH: tax-havens-shell-companies
[2026-07-02T22:18:14.159294+00:00] VALIDATE OK: crypto-tax-avoidance-crypto
[2026-07-02T22:18:14.160345+00:00] ENRICH: crypto-tax-avoidance-crypto kanji=愛 nen=enhancer rarity=D
[2026-07-02T22:18:14.163031+00:00] PUBLISH: crypto-tax-avoidance-crypto
[2026-07-02T22:18:14.163527+00:00] PIPELINE RUN: 22 published, 34 remaining
[2026-07-02T22:18:50.116471+00:00] COLLECT: buy-borrow-die-billionaires by tax-loop
[2026-07-02T22:18:50.155967+00:00] COLLECT: inheritance-trusts-aim-inheritance by tax-loop
[2026-07-02T22:18:50.194624+00:00] COLLECT: non-dom-status-until by tax-loop
[2026-07-02T22:18:50.231245+00:00] COLLECT: stamp-duty-land-tax by tax-loop
[2026-07-02T22:18:50.267906+00:00] COLLECT: step-up-in-basis by tax-loop
[2026-07-02T22:18:50.303226+00:00] COLLECT: carried-interest-private-equity by tax-loop
[2026-07-02T22:18:50.337231+00:00] COLLECT: exchange-sell-a-rental by tax-loop
[2026-07-02T22:18:50.371141+00:00] COLLECT: opportunity-zones-invest-capital by tax-loop
[2026-07-02T22:18:50.405441+00:00] COLLECT: accelerated-bonus-depreciation-buy by tax-loop
[2026-07-02T22:18:50.440020+00:00] COLLECT: double-irish-dutch-sandwich by tax-loop
[2026-07-02T22:18:50.474157+00:00] COLLECT: dutch-cv-bv-conduit by tax-loop
[2026-07-02T22:18:50.507906+00:00] COLLECT: luxembourg-private-rulings-luxembourg by tax-loop
[2026-07-02T22:18:50.542377+00:00] COLLECT: malta-s-effective-rate by tax-loop
[2026-07-02T22:18:50.578223+00:00] COLLECT: territorial-tax-system-hong by tax-loop
[2026-07-02T22:18:50.614183+00:00] COLLECT: offshore-fund-exemption-offshore by tax-loop
[2026-07-02T22:18:50.648364+00:00] COLLECT: o-u-fund-incentives by tax-loop
[2026-07-02T22:18:50.681760+00:00] COLLECT: no-capital-gains-no by tax-loop
[2026-07-02T22:18:50.715541+00:00] COLLECT: transfer-pricing-multinationals-set by tax-loop
[2026-07-02T22:18:50.749829+00:00] COLLECT: ip-royalty-routing-company by tax-loop
[2026-07-02T22:18:50.784724+00:00] COLLECT: thin-capitalisation-a-company by tax-loop
[2026-07-02T22:18:50.819435+00:00] COLLECT: tax-havens-shell-companies by tax-loop
[2026-07-02T22:18:50.854880+00:00] COLLECT: crypto-tax-avoidance-crypto by tax-loop
[2026-07-02T22:18:50.890896+00:00] VALIDATE FAIL: buy-borrow-die-billionaires — ['duplicate of: buy-borrow-die-billionaires']
[2026-07-02T22:18:50.891833+00:00] VALIDATE FAIL: inheritance-trusts-aim-inheritance — ['duplicate of: inheritance-trusts-aim-inheritance']
[2026-07-02T22:18:50.892597+00:00] VALIDATE FAIL: non-dom-status-until — ['duplicate of: non-dom-status-until']
[2026-07-02T22:18:50.893350+00:00] VALIDATE FAIL: stamp-duty-land-tax — ['duplicate of: stamp-duty-land-tax']
[2026-07-02T22:18:50.894032+00:00] VALIDATE FAIL: step-up-in-basis — ['duplicate of: step-up-in-basis']
[2026-07-02T22:18:50.894766+00:00] VALIDATE FAIL: carried-interest-private-equity — ['duplicate of: carried-interest-private-equity']
[2026-07-02T22:18:50.895490+00:00] VALIDATE FAIL: exchange-sell-a-rental — ['duplicate of: exchange-sell-a-rental']
[2026-07-02T22:18:50.896165+00:00] VALIDATE FAIL: opportunity-zones-invest-capital — ['duplicate of: opportunity-zones-invest-capital']
[2026-07-02T22:18:50.896839+00:00] VALIDATE FAIL: accelerated-bonus-depreciation-buy — ['duplicate of: accelerated-bonus-depreciation-buy']
[2026-07-02T22:18:50.897570+00:00] VALIDATE FAIL: double-irish-dutch-sandwich — ['duplicate of: double-irish-dutch-sandwich']
[2026-07-02T22:18:50.898246+00:00] VALIDATE FAIL: dutch-cv-bv-conduit — ['duplicate of: dutch-cv-bv-conduit']
[2026-07-02T22:18:50.898973+00:00] VALIDATE FAIL: luxembourg-private-rulings-luxembourg — ['duplicate of: luxembourg-private-rulings-luxembourg']
[2026-07-02T22:18:50.899650+00:00] VALIDATE FAIL: malta-s-effective-rate — ['duplicate of: malta-s-effective-rate']
[2026-07-02T22:18:50.900327+00:00] VALIDATE FAIL: territorial-tax-system-hong — ['duplicate of: territorial-tax-system-hong']
[2026-07-02T22:18:50.901024+00:00] VALIDATE FAIL: offshore-fund-exemption-offshore — ['duplicate of: offshore-fund-exemption-offshore']
[2026-07-02T22:18:50.901694+00:00] VALIDATE FAIL: o-u-fund-incentives — ['duplicate of: o-u-fund-incentives']
[2026-07-02T22:18:50.902371+00:00] VALIDATE FAIL: no-capital-gains-no — ['duplicate of: no-capital-gains-no']
[2026-07-02T22:18:50.903060+00:00] VALIDATE FAIL: transfer-pricing-multinationals-set — ['duplicate of: transfer-pricing-multinationals-set']
[2026-07-02T22:18:50.903730+00:00] VALIDATE FAIL: ip-royalty-routing-company — ['duplicate of: ip-royalty-routing-company']
[2026-07-02T22:18:50.904406+00:00] VALIDATE FAIL: thin-capitalisation-a-company — ['duplicate of: thin-capitalisation-a-company']
[2026-07-02T22:18:50.905135+00:00] VALIDATE FAIL: tax-havens-shell-companies — ['duplicate of: tax-havens-shell-companies']
[2026-07-02T22:18:50.905808+00:00] VALIDATE FAIL: crypto-tax-avoidance-crypto — ['duplicate of: crypto-tax-avoidance-crypto']
[2026-07-02T22:18:50.906213+00:00] PIPELINE RUN: 0 published, 56 remaining
[2026-07-02T22:19:02.643696+00:00] STATS: {"published": 159, "pending": 0, "rejected": 56, "totalKanji": 43, "bySubmitter": {"tax-loop": 22, "\u86c7\u706b\u5fc3": 53, "unknown": 36, "yuai": 24, "xp-loop": 8, "killua": 8, "ai": 7, "knuckle": 1}, "ts": "2026-07-02T22:19:02.643189+00:00", "_kap": {"version": "1.0.0", "service": "ai-love", "resource": "truth", "ok": true}}
[2026-07-02T22:37:04.687833+00:00] COLLECT: buy-borrow-die-billionaires by tax-loop
[2026-07-02T22:37:04.728357+00:00] COLLECT: inheritance-trusts-aim-inheritance by tax-loop
[2026-07-02T22:37:04.767419+00:00] COLLECT: non-dom-status-until by tax-loop
[2026-07-02T22:37:04.806204+00:00] COLLECT: stamp-duty-land-tax by tax-loop
[2026-07-02T22:37:04.842099+00:00] COLLECT: family-investment-companies-fics by tax-loop
[2026-07-02T22:37:04.877032+00:00] COLLECT: agricultural-property-relief-apr by tax-loop
[2026-07-02T22:37:04.911475+00:00] COLLECT: business-property-relief-bpr by tax-loop
[2026-07-02T22:37:04.946933+00:00] COLLECT: capital-gains-tax-upfront by tax-loop
[2026-07-02T22:37:04.981520+00:00] COLLECT: enterprise-investment-scheme-eis by tax-loop
[2026-07-02T22:37:05.016761+00:00] COLLECT: vat-carousel-fraud-mtic by tax-loop
[2026-07-02T22:37:05.053006+00:00] COLLECT: private-equity-carried-interest by tax-loop
[2026-07-02T22:37:05.087591+00:00] COLLECT: uk-crown-dependencies-network by tax-loop
[2026-07-02T22:37:05.122436+00:00] COLLECT: salary-sacrifice-pension-loophole by tax-loop
[2026-07-02T22:37:05.157006+00:00] COLLECT: film-creative-reliefs-film by tax-loop
[2026-07-02T22:37:05.192229+00:00] COLLECT: offshore-trusts-excluded-property by tax-loop
[2026-07-02T22:37:05.228546+00:00] COLLECT: step-up-in-basis by tax-loop
[2026-07-02T22:37:05.263689+00:00] COLLECT: carried-interest-private-equity by tax-loop
[2026-07-02T22:37:05.299141+00:00] COLLECT: exchange-sell-a-rental by tax-loop
[2026-07-02T22:37:05.335244+00:00] COLLECT: opportunity-zones-invest-capital by tax-loop
[2026-07-02T22:37:05.371059+00:00] COLLECT: accelerated-bonus-depreciation-buy by tax-loop
[2026-07-02T22:37:05.405399+00:00] COLLECT: double-irish-dutch-sandwich by tax-loop
[2026-07-02T22:37:05.440056+00:00] COLLECT: dutch-cv-bv-conduit by tax-loop
[2026-07-02T22:37:05.474489+00:00] COLLECT: luxembourg-private-rulings-luxembourg by tax-loop
[2026-07-02T22:37:05.509945+00:00] COLLECT: malta-s-effective-rate by tax-loop
[2026-07-02T22:37:05.544736+00:00] COLLECT: territorial-tax-system-hong by tax-loop
[2026-07-02T22:37:05.579543+00:00] COLLECT: offshore-fund-exemption-offshore by tax-loop
[2026-07-02T22:37:05.614142+00:00] COLLECT: o-u-fund-incentives by tax-loop
[2026-07-02T22:37:05.651306+00:00] COLLECT: no-capital-gains-no by tax-loop
[2026-07-02T22:37:05.686059+00:00] COLLECT: transfer-pricing-multinationals-set by tax-loop
[2026-07-02T22:37:05.721534+00:00] COLLECT: ip-royalty-routing-company by tax-loop
[2026-07-02T22:37:05.755720+00:00] COLLECT: thin-capitalisation-a-company by tax-loop
[2026-07-02T22:37:05.789969+00:00] COLLECT: tax-havens-shell-companies by tax-loop
[2026-07-02T22:37:05.824426+00:00] COLLECT: crypto-tax-avoidance-crypto by tax-loop
[2026-07-02T22:37:05.861348+00:00] VALIDATE FAIL: buy-borrow-die-billionaires — ['duplicate of: buy-borrow-die-billionaires']
[2026-07-02T22:37:05.862217+00:00] VALIDATE FAIL: inheritance-trusts-aim-inheritance — ['duplicate of: inheritance-trusts-aim-inheritance']
[2026-07-02T22:37:05.862928+00:00] VALIDATE FAIL: non-dom-status-until — ['duplicate of: non-dom-status-until']
[2026-07-02T22:37:05.863628+00:00] VALIDATE FAIL: stamp-duty-land-tax — ['duplicate of: stamp-duty-land-tax']
[2026-07-02T22:37:05.864323+00:00] VALIDATE OK: family-investment-companies-fics
[2026-07-02T22:37:05.865892+00:00] ENRICH: family-investment-companies-fics kanji=執 nen=enhancer rarity=SS
[2026-07-02T22:37:05.868337+00:00] PUBLISH: family-investment-companies-fics
[2026-07-02T22:37:05.869004+00:00] VALIDATE OK: agricultural-property-relief-apr
[2026-07-02T22:37:05.869800+00:00] ENRICH: agricultural-property-relief-apr kanji=主 nen=enhancer rarity=B
[2026-07-02T22:37:05.872162+00:00] PUBLISH: agricultural-property-relief-apr
[2026-07-02T22:37:05.872832+00:00] VALIDATE OK: business-property-relief-bpr
[2026-07-02T22:37:05.873596+00:00] ENRICH: business-property-relief-bpr kanji=初 nen=enhancer rarity=A
[2026-07-02T22:37:05.875986+00:00] PUBLISH: business-property-relief-bpr
[2026-07-02T22:37:05.876802+00:00] VALIDATE OK: capital-gains-tax-upfront
[2026-07-02T22:37:05.877870+00:00] ENRICH: capital-gains-tax-upfront kanji=皆 nen=enhancer rarity=A
[2026-07-02T22:37:05.880362+00:00] PUBLISH: capital-gains-tax-upfront
[2026-07-02T22:37:05.881130+00:00] VALIDATE FAIL: enterprise-investment-scheme-eis — ['text too long (max 200 chars)']
[2026-07-02T22:37:05.881828+00:00] VALIDATE OK: vat-carousel-fraud-mtic
[2026-07-02T22:37:05.882788+00:00] ENRICH: vat-carousel-fraud-mtic kanji=愛 nen=enhancer rarity=D
[2026-07-02T22:37:05.885253+00:00] PUBLISH: vat-carousel-fraud-mtic
[2026-07-02T22:37:05.886034+00:00] VALIDATE OK: private-equity-carried-interest
[2026-07-02T22:37:05.886899+00:00] ENRICH: private-equity-carried-interest kanji=伴 nen=enhancer rarity=S
[2026-07-02T22:37:05.889338+00:00] PUBLISH: private-equity-carried-interest
[2026-07-02T22:37:05.890068+00:00] VALIDATE OK: uk-crown-dependencies-network
[2026-07-02T22:37:05.891017+00:00] ENRICH: uk-crown-dependencies-network kanji=皆 nen=enhancer rarity=B
[2026-07-02T22:37:05.893473+00:00] PUBLISH: uk-crown-dependencies-network
[2026-07-02T22:37:05.894316+00:00] VALIDATE OK: salary-sacrifice-pension-loophole
[2026-07-02T22:37:05.895233+00:00] ENRICH: salary-sacrifice-pension-loophole kanji=愛 nen=transmuter rarity=D
[2026-07-02T22:37:05.897743+00:00] PUBLISH: salary-sacrifice-pension-loophole
[2026-07-02T22:37:05.898451+00:00] VALIDATE OK: film-creative-reliefs-film
[2026-07-02T22:37:05.899346+00:00] ENRICH: film-creative-reliefs-film kanji=愛 nen=enhancer rarity=D
[2026-07-02T22:37:05.901812+00:00] PUBLISH: film-creative-reliefs-film
[2026-07-02T22:37:05.902598+00:00] VALIDATE OK: offshore-trusts-excluded-property
[2026-07-02T22:37:05.903393+00:00] ENRICH: offshore-trusts-excluded-property kanji=信 nen=enhancer rarity=A
[2026-07-02T22:37:05.905940+00:00] PUBLISH: offshore-trusts-excluded-property
[2026-07-02T22:37:05.906672+00:00] VALIDATE FAIL: step-up-in-basis — ['duplicate of: step-up-in-basis']
[2026-07-02T22:37:05.907458+00:00] VALIDATE FAIL: carried-interest-private-equity — ['duplicate of: carried-interest-private-equity']
[2026-07-02T22:37:05.908203+00:00] VALIDATE FAIL: exchange-sell-a-rental — ['duplicate of: exchange-sell-a-rental']
[2026-07-02T22:37:05.908921+00:00] VALIDATE FAIL: opportunity-zones-invest-capital — ['duplicate of: opportunity-zones-invest-capital']
[2026-07-02T22:37:05.909607+00:00] VALIDATE FAIL: accelerated-bonus-depreciation-buy — ['duplicate of: accelerated-bonus-depreciation-buy']
[2026-07-02T22:37:05.910373+00:00] VALIDATE FAIL: double-irish-dutch-sandwich — ['duplicate of: double-irish-dutch-sandwich']
[2026-07-02T22:37:05.911050+00:00] VALIDATE FAIL: dutch-cv-bv-conduit — ['duplicate of: dutch-cv-bv-conduit']
[2026-07-02T22:37:05.911823+00:00] VALIDATE FAIL: luxembourg-private-rulings-luxembourg — ['duplicate of: luxembourg-private-rulings-luxembourg']
[2026-07-02T22:37:05.912528+00:00] VALIDATE FAIL: malta-s-effective-rate — ['duplicate of: malta-s-effective-rate']
[2026-07-02T22:37:05.913270+00:00] VALIDATE FAIL: territorial-tax-system-hong — ['duplicate of: territorial-tax-system-hong']
[2026-07-02T22:37:05.913961+00:00] VALIDATE FAIL: offshore-fund-exemption-offshore — ['duplicate of: offshore-fund-exemption-offshore']
[2026-07-02T22:37:05.914672+00:00] VALIDATE FAIL: o-u-fund-incentives — ['duplicate of: o-u-fund-incentives']
[2026-07-02T22:37:05.915364+00:00] VALIDATE FAIL: no-capital-gains-no — ['duplicate of: no-capital-gains-no']
[2026-07-02T22:37:05.916069+00:00] VALIDATE FAIL: transfer-pricing-multinationals-set — ['duplicate of: transfer-pricing-multinationals-set']
[2026-07-02T22:37:05.916749+00:00] VALIDATE FAIL: ip-royalty-routing-company — ['duplicate of: ip-royalty-routing-company']
[2026-07-02T22:37:05.917451+00:00] VALIDATE FAIL: thin-capitalisation-a-company — ['duplicate of: thin-capitalisation-a-company']
[2026-07-02T22:37:05.918182+00:00] VALIDATE FAIL: tax-havens-shell-companies — ['duplicate of: tax-havens-shell-companies']
[2026-07-02T22:37:05.918886+00:00] VALIDATE FAIL: crypto-tax-avoidance-crypto — ['duplicate of: crypto-tax-avoidance-crypto']
[2026-07-02T22:37:05.919389+00:00] PIPELINE RUN: 10 published, 79 remaining
[2026-07-02T22:37:05.962433+00:00] STATS: {"published": 169, "pending": 0, "rejected": 79, "totalKanji": 44, "bySubmitter": {"tax-loop": 32, "\u86c7\u706b\u5fc3": 53, "unknown": 36, "yuai": 24, "xp-loop": 8, "killua": 8, "ai": 7, "knuckle": 1}, "ts": "2026-07-02T22:37:05.962004+00:00", "_kap": {"version": "1.0.0", "service": "ai-love", "resource": "truth", "ok": true}}
